\BOOKMARK [0][-]{chapter.1}{\376\377\000I\000n\000t\000r\000o\000d\000u\000c\000t\000i\000o\000n}{}% 1
\BOOKMARK [1][-]{section.1.1}{\376\377\000C\000h\000a\000p\000t\000e\000r\000\040\000O\000v\000e\000r\000v\000i\000e\000w}{chapter.1}% 2
\BOOKMARK [1][-]{section.1.2}{\376\377\000B\000a\000c\000k\000g\000r\000o\000u\000n\000d}{chapter.1}% 3
\BOOKMARK [1][-]{section.1.3}{\376\377\000M\000o\000t\000i\000v\000a\000t\000i\000o\000n}{chapter.1}% 4
\BOOKMARK [2][-]{subsection.1.3.1}{\376\377\000E\000x\000i\000s\000t\000i\000n\000g\000\040\000S\000y\000s\000t\000e\000m}{section.1.3}% 5
\BOOKMARK [2][-]{subsection.1.3.2}{\376\377\000L\000i\000m\000i\000t\000a\000t\000i\000o\000n\000s\000\040\000o\000f\000\040\000t\000h\000e\000\040\000S\000y\000s\000t\000e\000m}{section.1.3}% 6
\BOOKMARK [1][-]{section.1.4}{\376\377\000O\000b\000j\000e\000c\000t\000i\000v\000e\000s}{chapter.1}% 7
\BOOKMARK [1][-]{section.1.5}{\376\377\000C\000o\000n\000t\000r\000i\000b\000u\000t\000o\000r\000s}{chapter.1}% 8
\BOOKMARK [1][-]{section.1.6}{\376\377\000C\000h\000a\000p\000t\000e\000r\000\040\000O\000r\000g\000a\000n\000i\000z\000a\000t\000i\000o\000n}{chapter.1}% 9
\BOOKMARK [0][-]{chapter.2}{\376\377\000S\000y\000s\000t\000e\000m\000\040\000D\000e\000s\000i\000g\000n\000\040\000a\000n\000d\000\040\000M\000e\000t\000h\000o\000d\000o\000l\000o\000g\000y}{}% 10
\BOOKMARK [1][-]{section.2.1}{\376\377\000C\000h\000a\000p\000t\000e\000r\000\040\000O\000v\000e\000r\000v\000i\000e\000w}{chapter.2}% 11
\BOOKMARK [1][-]{section.2.2}{\376\377\000U\000s\000e\000\040\000C\000a\000s\000e\000\040\000D\000i\000a\000g\000r\000a\000m}{chapter.2}% 12
\BOOKMARK [2][-]{subsection.2.2.1}{\376\377\000U\000s\000e\000r\000\040\000M\000a\000n\000a\000g\000e\000m\000e\000n\000t}{section.2.2}% 13
\BOOKMARK [3][-]{subsubsection.2.2.1.1}{\376\377\000L\000o\000g\000i\000n\000\040\000P\000r\000o\000c\000e\000s\000s}{subsection.2.2.1}% 14
\BOOKMARK [3][-]{subsubsection.2.2.1.2}{\376\377\000V\000i\000e\000w\000\040\000A\000p\000p\000l\000i\000c\000a\000n\000t\000\040\000L\000i\000s\000t}{subsection.2.2.1}% 15
\BOOKMARK [3][-]{subsubsection.2.2.1.3}{\376\377\000U\000p\000d\000a\000t\000e\000\040\000U\000s\000e\000r\000\040\000I\000n\000f\000o\000r\000m\000a\000t\000i\000o\000n}{subsection.2.2.1}% 16
\BOOKMARK [3][-]{subsubsection.2.2.1.4}{\376\377\000V\000i\000e\000w\000\040\000U\000s\000e\000r\000\040\000I\000n\000f\000o\000r\000m\000a\000t\000i\000o\000n}{subsection.2.2.1}% 17
\BOOKMARK [3][-]{subsubsection.2.2.1.5}{\376\377\000F\000i\000l\000l\000-\000U\000p\000\040\000A\000p\000p\000l\000i\000c\000a\000t\000i\000o\000n\000\040\000F\000o\000r\000m}{subsection.2.2.1}% 18
\BOOKMARK [3][-]{subsubsection.2.2.1.6}{\376\377\000D\000o\000w\000n\000l\000o\000a\000d\000\040\000A\000p\000p\000l\000i\000c\000a\000t\000i\000o\000n\000\040\000F\000o\000r\000m}{subsection.2.2.1}% 19
\BOOKMARK [2][-]{subsection.2.2.2}{\376\377\000D\000e\000a\000n\000\040\000O\000f\000f\000i\000c\000e\000\040\000M\000a\000n\000a\000g\000e\000m\000e\000n\000t}{section.2.2}% 20
\BOOKMARK [3][-]{subsubsection.2.2.2.1}{\376\377\000A\000p\000p\000l\000i\000c\000a\000n\000t\000\040\000S\000e\000a\000r\000c\000h}{subsection.2.2.2}% 21
\BOOKMARK [3][-]{subsubsection.2.2.2.2}{\376\377\000D\000i\000s\000p\000l\000a\000y\000\040\000A\000p\000p\000l\000i\000c\000a\000n\000t\000\040\000P\000r\000o\000f\000i\000l\000e}{subsection.2.2.2}% 22
\BOOKMARK [3][-]{subsubsection.2.2.2.3}{\376\377\000V\000a\000l\000i\000d\000a\000t\000e\000\040\000A\000p\000p\000l\000i\000c\000a\000n\000t\040\031\000s\000\040\000F\000o\000r\000m}{subsection.2.2.2}% 23
\BOOKMARK [3][-]{subsubsection.2.2.2.4}{\376\377\000A\000d\000m\000i\000t\000\040\000A\000p\000p\000l\000i\000c\000a\000n\000t\000\040\000\050\000D\000e\000a\000n\000\040\000C\000l\000e\000a\000r\000a\000n\000c\000e\000\051}{subsection.2.2.2}% 24
\BOOKMARK [3][-]{subsubsection.2.2.2.5}{\376\377\000A\000p\000p\000l\000i\000c\000a\000t\000i\000o\000n\000\040\000L\000i\000s\000t\000\040\000V\000i\000e\000w\000s\000\040\000\050\000A\000l\000l\000,\000\040\000W\000a\000i\000t\000i\000n\000g\000,\000\040\000A\000d\000m\000i\000t\000t\000e\000e\000s\000\051}{subsection.2.2.2}% 25
\BOOKMARK [3][-]{subsubsection.2.2.2.6}{\376\377\000P\000e\000n\000d\000i\000n\000g\000\040\000D\000o\000c\000u\000m\000e\000n\000t\000s\000\040\000a\000n\000d\000\040\000R\000e\000m\000i\000n\000d\000e\000r\000s}{subsection.2.2.2}% 26
\BOOKMARK [2][-]{subsection.2.2.3}{\376\377\000H\000a\000l\000l\000\040\000O\000f\000f\000i\000c\000e\000\040\000M\000a\000n\000a\000g\000e\000m\000e\000n\000t}{section.2.2}% 27
\BOOKMARK [3][-]{subsubsection.2.2.3.1}{\376\377\000S\000e\000a\000r\000c\000h\000\040\000f\000o\000r\000\040\000A\000p\000p\000l\000i\000c\000a\000n\000t}{subsection.2.2.3}% 28
\BOOKMARK [3][-]{subsubsection.2.2.3.2}{\376\377\000R\000e\000c\000e\000i\000v\000e\000\040\000B\000a\000n\000k\000\040\000R\000e\000c\000e\000i\000p\000t}{subsection.2.2.3}% 29
\BOOKMARK [3][-]{subsubsection.2.2.3.3}{\376\377\000A\000d\000m\000i\000t\000\040\000A\000p\000p\000l\000i\000c\000a\000n\000t\000\040\000\050\000H\000a\000l\000l\000\040\000C\000l\000e\000a\000r\000a\000n\000c\000e\000\051}{subsection.2.2.3}% 30
\BOOKMARK [3][-]{subsubsection.2.2.3.4}{\376\377\000V\000i\000e\000w\000i\000n\000g\000\040\000L\000i\000s\000t\000s\000\040\000o\000f\000\040\000C\000a\000n\000d\000i\000d\000a\000t\000e\000s}{subsection.2.2.3}% 31
\BOOKMARK [3][-]{subsubsection.2.2.3.5}{\376\377\000E\000x\000p\000o\000r\000t\000i\000n\000g\000\040\000a\000n\000d\000\040\000D\000o\000w\000n\000l\000o\000a\000d\000i\000n\000g\000\040\000C\000a\000n\000d\000i\000d\000a\000t\000e\000\040\000R\000e\000c\000o\000r\000d\000s}{subsection.2.2.3}% 32
\BOOKMARK [2][-]{subsection.2.2.4}{\376\377\000M\000e\000d\000i\000c\000a\000l\000\040\000O\000f\000f\000i\000c\000e\000\040\000M\000a\000n\000a\000g\000e\000m\000e\000n\000t}{section.2.2}% 33
\BOOKMARK [3][-]{subsubsection.2.2.4.1}{\376\377\000S\000h\000o\000w\000\040\000A\000p\000p\000l\000i\000c\000a\000n\000t\000\040\000P\000r\000o\000f\000i\000l\000e}{subsection.2.2.4}% 34
\BOOKMARK [3][-]{subsubsection.2.2.4.2}{\376\377\000I\000n\000s\000e\000r\000t\000/\000U\000p\000d\000a\000t\000e\000\040\000M\000e\000d\000i\000c\000a\000l\000\040\000I\000n\000f\000o\000r\000m\000a\000t\000i\000o\000n}{subsection.2.2.4}% 35
\BOOKMARK [3][-]{subsubsection.2.2.4.3}{\376\377\000G\000e\000n\000e\000r\000a\000t\000e\000\040\000a\000n\000d\000\040\000P\000r\000i\000n\000t\000\040\000M\000e\000d\000i\000c\000a\000l\000\040\000R\000e\000p\000o\000r\000t}{subsection.2.2.4}% 36
\BOOKMARK [3][-]{subsubsection.2.2.4.4}{\376\377\000A\000d\000m\000i\000t\000\040\000A\000p\000p\000l\000i\000c\000a\000n\000t\000\040\000\050\000M\000e\000d\000i\000c\000a\000l\000\040\000C\000l\000e\000a\000r\000a\000n\000c\000e\000\051}{subsection.2.2.4}% 37
\BOOKMARK [2][-]{subsection.2.2.5}{\376\377\000R\000e\000g\000i\000s\000t\000r\000a\000r\000\040\000O\000f\000f\000i\000c\000e\000\040\000M\000a\000n\000a\000g\000e\000m\000e\000n\000t}{section.2.2}% 38
\BOOKMARK [3][-]{subsubsection.2.2.5.1}{\376\377\000S\000e\000a\000r\000c\000h\000\040\000A\000p\000p\000l\000i\000c\000a\000n\000t}{subsection.2.2.5}% 39
\BOOKMARK [3][-]{subsubsection.2.2.5.2}{\376\377\000S\000h\000o\000w\000\040\000A\000p\000p\000l\000i\000c\000a\000n\000t\000\040\000P\000r\000o\000f\000i\000l\000e}{subsection.2.2.5}% 40
\BOOKMARK [3][-]{subsubsection.2.2.5.3}{\376\377\000R\000e\000c\000e\000i\000v\000e\000\040\000D\000o\000c\000u\000m\000e\000n\000t\000s}{subsection.2.2.5}% 41
\BOOKMARK [3][-]{subsubsection.2.2.5.4}{\376\377\000A\000d\000m\000i\000t\000\040\000A\000p\000p\000l\000i\000c\000a\000n\000t}{subsection.2.2.5}% 42
\BOOKMARK [3][-]{subsubsection.2.2.5.5}{\376\377\000V\000i\000e\000w\000\040\000A\000l\000l\000\040\000A\000p\000p\000l\000i\000c\000a\000n\000t}{subsection.2.2.5}% 43
\BOOKMARK [3][-]{subsubsection.2.2.5.6}{\376\377\000V\000i\000e\000w\000\040\000W\000a\000i\000t\000e\000d\000\040\000A\000p\000p\000l\000i\000c\000a\000n\000t}{subsection.2.2.5}% 44
\BOOKMARK [3][-]{subsubsection.2.2.5.7}{\376\377\000V\000i\000e\000w\000\040\000P\000e\000n\000d\000i\000n\000g\000\040\000D\000o\000c\000u\000m\000e\000n\000t\000\040\000A\000p\000p\000l\000i\000c\000a\000n\000t}{subsection.2.2.5}% 45
\BOOKMARK [3][-]{subsubsection.2.2.5.8}{\376\377\000E\000x\000p\000o\000r\000t\000\040\000A\000p\000p\000l\000i\000c\000a\000n\000t\000\040\000L\000i\000s\000t}{subsection.2.2.5}% 46
\BOOKMARK [2][-]{subsection.2.2.6}{\376\377\000A\000p\000p\000l\000i\000c\000a\000n\000t\000\040\000P\000r\000o\000f\000i\000l\000e\000\040\000M\000a\000n\000a\000g\000e\000m\000e\000n\000t}{section.2.2}% 47
\BOOKMARK [3][-]{subsubsection.2.2.6.1}{\376\377\000C\000r\000e\000a\000t\000e\000\040\000A\000c\000c\000o\000u\000n\000t}{subsection.2.2.6}% 48
\BOOKMARK [3][-]{subsubsection.2.2.6.2}{\376\377\000U\000p\000d\000a\000t\000e\000\040\000P\000r\000o\000f\000i\000l\000e}{subsection.2.2.6}% 49
\BOOKMARK [3][-]{subsubsection.2.2.6.3}{\376\377\000F\000i\000l\000l\000-\000u\000p\000\040\000A\000p\000p\000l\000i\000c\000a\000t\000i\000o\000n\000\040\000F\000o\000r\000m}{subsection.2.2.6}% 50
\BOOKMARK [3][-]{subsubsection.2.2.6.4}{\376\377\000G\000e\000n\000e\000r\000a\000t\000e\000\040\000A\000p\000p\000l\000i\000c\000a\000t\000i\000o\000n\000\040\000F\000o\000r\000m}{subsection.2.2.6}% 51
\BOOKMARK [3][-]{subsubsection.2.2.6.5}{\376\377\000D\000o\000w\000n\000l\000o\000a\000d\000\040\000A\000p\000p\000l\000i\000c\000a\000t\000i\000o\000n\000\040\000F\000o\000r\000m}{subsection.2.2.6}% 52
\BOOKMARK [3][-]{subsubsection.2.2.6.6}{\376\377\000U\000s\000e\000r\000\040\000M\000a\000n\000a\000g\000e\000m\000e\000n\000t}{subsection.2.2.6}% 53
\BOOKMARK [3][-]{subsubsection.2.2.6.7}{\376\377\000D\000e\000a\000n\000\040\000O\000f\000f\000i\000c\000e\000\040\000M\000a\000n\000a\000g\000e\000m\000e\000n\000t}{subsection.2.2.6}% 54
\BOOKMARK [3][-]{subsubsection.2.2.6.8}{\376\377\000H\000a\000l\000l\000\040\000O\000f\000f\000i\000c\000e\000\040\000M\000a\000n\000a\000g\000e\000m\000e\000n\000t}{subsection.2.2.6}% 55
\BOOKMARK [3][-]{subsubsection.2.2.6.9}{\376\377\000M\000e\000d\000i\000c\000a\000l\000\040\000O\000f\000f\000i\000c\000e\000\040\000M\000a\000n\000a\000g\000e\000m\000e\000n\000t}{subsection.2.2.6}% 56
\BOOKMARK [3][-]{subsubsection.2.2.6.10}{\376\377\000R\000e\000g\000i\000s\000t\000r\000a\000r\000\040\000O\000f\000f\000i\000c\000e\000\040\000M\000a\000n\000a\000g\000e\000m\000e\000n\000t}{subsection.2.2.6}% 57
\BOOKMARK [3][-]{subsubsection.2.2.6.11}{\376\377\000A\000p\000p\000l\000i\000c\000a\000n\000t\000\040\000P\000r\000o\000f\000i\000l\000e\000\040\000M\000a\000n\000a\000g\000e\000m\000e\000n\000t}{subsection.2.2.6}% 58
\BOOKMARK [2][-]{subsection.2.2.7}{\376\377\000S\000y\000s\000t\000e\000m\000\040\000D\000a\000t\000a\000b\000a\000s\000e\000\040\000S\000c\000h\000e\000m\000a}{section.2.2}% 59
\BOOKMARK [0][-]{chapter.3}{\376\377\000I\000m\000p\000l\000e\000m\000e\000n\000t\000a\000t\000i\000o\000n\000\040\000D\000e\000t\000a\000i\000l\000s}{}% 60
\BOOKMARK [1][-]{section.3.1}{\376\377\000C\000h\000a\000p\000t\000e\000r\000\040\000O\000v\000e\000r\000v\000i\000e\000w}{chapter.3}% 61
\BOOKMARK [1][-]{section.3.2}{\376\377\000I\000n\000t\000r\000o\000d\000u\000c\000t\000i\000o\000n}{chapter.3}% 62
\BOOKMARK [1][-]{section.3.3}{\376\377\000A\000u\000t\000h\000e\000n\000t\000i\000c\000a\000t\000i\000o\000n}{chapter.3}% 63
\BOOKMARK [2][-]{subsection.3.3.1}{\376\377\000S\000i\000g\000n\000\040\000i\000n\000\040\000P\000a\000g\000e\000\040\000a\000n\000d\000\040\000P\000r\000o\000c\000e\000s\000s}{section.3.3}% 64
\BOOKMARK [1][-]{section.3.4}{\376\377\000S\000t\000u\000d\000e\000n\000t\000\040\000M\000o\000d\000u\000l\000e\000\040\000I\000m\000p\000l\000e\000m\000e\000n\000t\000a\000t\000i\000o\000n}{chapter.3}% 65
\BOOKMARK [2][-]{subsection.3.4.1}{\376\377\000F\000i\000n\000a\000l\000\040\000A\000d\000m\000i\000s\000s\000i\000o\000n\000\040\000F\000o\000r\000m}{section.3.4}% 66
\BOOKMARK [2][-]{subsection.3.4.2}{\376\377\000A\000p\000p\000l\000i\000c\000a\000t\000i\000o\000n\000\040\000S\000u\000m\000m\000a\000r\000y\000\040\000a\000n\000d\000\040\000P\000D\000F\000\040\000D\000o\000w\000n\000l\000o\000a\000d}{section.3.4}% 67
\BOOKMARK [2][-]{subsection.3.4.3}{\376\377\000S\000u\000b\000m\000i\000s\000s\000i\000o\000n\000\040\000C\000o\000n\000f\000i\000r\000m\000a\000t\000i\000o\000n\000\040\000a\000n\000d\000\040\000C\000o\000m\000p\000l\000a\000i\000n\000t\000\040\000M\000a\000n\000a\000g\000e\000m\000e\000n\000t}{section.3.4}% 68
\BOOKMARK [1][-]{section.3.5}{\376\377\000A\000d\000m\000i\000n\000\040\000M\000o\000d\000u\000l\000e\000:\000\040\000D\000a\000t\000a\000\040\000a\000n\000d\000\040\000R\000e\000s\000o\000u\000r\000c\000e\000\040\000M\000a\000n\000a\000g\000e\000m\000e\000n\000t}{chapter.3}% 69
\BOOKMARK [2][-]{subsection.3.5.1}{\376\377\000B\000u\000l\000k\000\040\000D\000a\000t\000a\000\040\000I\000m\000p\000o\000r\000t\000\040\000a\000n\000d\000\040\000E\000x\000t\000e\000r\000n\000a\000l\000\040\000S\000t\000o\000r\000a\000g\000e\000\040\000I\000n\000t\000e\000g\000r\000a\000t\000i\000o\000n}{section.3.5}% 70
\BOOKMARK [2][-]{subsection.3.5.2}{\376\377\000E\000x\000a\000m\000i\000n\000a\000t\000i\000o\000n\000\040\000A\000n\000n\000o\000u\000n\000c\000e\000m\000e\000n\000t}{section.3.5}% 71
\BOOKMARK [1][-]{section.3.6}{\376\377\000A\000d\000m\000i\000n\000\040\000M\000o\000d\000u\000l\000e\000:\000\040\000U\000s\000e\000r\000\040\000C\000o\000n\000t\000r\000o\000l\000\040\000a\000n\000d\000\040\000S\000e\000c\000u\000r\000i\000t\000y}{chapter.3}% 72
\BOOKMARK [2][-]{subsection.3.6.1}{\376\377\000R\000o\000l\000e\000-\000B\000a\000s\000e\000d\000\040\000C\000r\000e\000d\000e\000n\000t\000i\000a\000l\000\040\000G\000e\000n\000e\000r\000a\000t\000i\000o\000n}{section.3.6}% 73
\BOOKMARK [1][-]{section.3.7}{\376\377\000A\000d\000m\000i\000n\000\040\000M\000o\000d\000u\000l\000e\000:\000\040\000C\000o\000m\000p\000l\000a\000i\000n\000t\000\040\000R\000e\000s\000o\000l\000u\000t\000i\000o\000n\000\040\000S\000y\000s\000t\000e\000m}{chapter.3}% 74
\BOOKMARK [2][-]{subsection.3.7.1}{\376\377\000R\000e\000v\000i\000e\000w\000i\000n\000g\000\040\000P\000e\000n\000d\000i\000n\000g\000\040\000C\000o\000m\000p\000l\000a\000i\000n\000t\000s}{section.3.7}% 75
\BOOKMARK [1][-]{section.3.8}{\376\377\000D\000e\000a\000n\000\040\000M\000o\000d\000u\000l\000e\000:\000\040\000A\000p\000p\000l\000i\000c\000a\000n\000t\000\040\000V\000e\000r\000i\000f\000i\000c\000a\000t\000i\000o\000n}{chapter.3}% 76
\BOOKMARK [2][-]{subsection.3.8.1}{\376\377\000D\000e\000p\000a\000r\000t\000m\000e\000n\000t\000a\000l\000\040\000A\000p\000p\000l\000i\000c\000a\000n\000t\000\040\000Q\000u\000e\000u\000e}{section.3.8}% 77
\BOOKMARK [2][-]{subsection.3.8.2}{\376\377\000D\000e\000t\000a\000i\000l\000e\000d\000\040\000I\000n\000f\000o\000r\000m\000a\000t\000i\000o\000n\000\040\000T\000a\000b\000l\000e}{section.3.8}% 78
\BOOKMARK [1][-]{section.3.9}{\376\377\000D\000e\000a\000n\000\040\000M\000o\000d\000u\000l\000e\000:\000\040\000S\000t\000u\000d\000e\000n\000t\000\040\000S\000t\000a\000t\000u\000s\000\040\000M\000a\000n\000a\000g\000e\000m\000e\000n\000t}{chapter.3}% 79
\BOOKMARK [1][-]{section.3.10}{\376\377\000R\000e\000g\000i\000s\000t\000r\000a\000r\000\040\000M\000o\000d\000u\000l\000e\000:\000\040\000C\000e\000n\000t\000r\000a\000l\000i\000z\000e\000d\000\040\000D\000a\000t\000a\000\040\000V\000a\000l\000i\000d\000a\000t\000i\000o\000n}{chapter.3}% 80
\BOOKMARK [2][-]{subsection.3.10.1}{\376\377\000M\000a\000s\000t\000e\000r\000\040\000A\000p\000p\000l\000i\000c\000a\000n\000t\000\040\000Q\000u\000e\000u\000e}{section.3.10}% 81
\BOOKMARK [2][-]{subsection.3.10.2}{\376\377\000D\000e\000t\000a\000i\000l\000e\000d\000\040\000V\000e\000r\000i\000f\000i\000c\000a\000t\000i\000o\000n\000\040\000M\000a\000t\000r\000i\000x}{section.3.10}% 82
\BOOKMARK [1][-]{section.3.11}{\376\377\000R\000e\000g\000i\000s\000t\000r\000a\000r\000\040\000M\000o\000d\000u\000l\000e\000:\000\040\000D\000a\000t\000a\000\040\000A\000r\000c\000h\000i\000v\000i\000n\000g\000\040\000a\000n\000d\000\040\000R\000e\000d\000u\000n\000d\000a\000n\000c\000y}{chapter.3}% 83
\BOOKMARK [2][-]{subsection.3.11.1}{\376\377\000A\000u\000t\000o\000m\000a\000t\000i\000c\000\040\000B\000a\000c\000k\000\040\000U\000p\000\040\000t\000o\000\040\000C\000l\000o\000u\000d\000\040\000S\000e\000r\000v\000i\000c\000e\000s}{section.3.11}% 84
\BOOKMARK [1][-]{section.3.12}{\376\377\000R\000e\000g\000i\000s\000t\000r\000a\000r\000\040\000M\000o\000d\000u\000l\000e\000:\000\040\000F\000i\000n\000a\000l\000\040\000A\000u\000t\000h\000o\000r\000i\000z\000a\000t\000i\000o\000n}{chapter.3}% 85
\BOOKMARK [1][-]{section.3.13}{\376\377\000H\000a\000l\000l\000\040\000R\000e\000g\000i\000s\000t\000r\000a\000r\000:\000\040\000R\000e\000s\000i\000d\000e\000n\000t\000i\000a\000l\000\040\000C\000l\000e\000a\000r\000a\000n\000c\000e}{chapter.3}% 86
\BOOKMARK [1][-]{section.3.14}{\376\377\000H\000a\000l\000l\000\040\000R\000e\000g\000i\000s\000t\000r\000a\000r\000\040\000M\000o\000d\000u\000l\000e\000:\000\040\000R\000e\000s\000i\000d\000e\000n\000t\000\040\000D\000a\000t\000a\000\040\000V\000e\000r\000i\000f\000i\000c\000a\000t\000i\000o\000n}{chapter.3}% 87
\BOOKMARK [2][-]{subsection.3.14.1}{\376\377\000H\000a\000l\000l\000\040\000A\000p\000p\000l\000i\000c\000a\000n\000t\000\040\000Q\000u\000e\000u\000e}{section.3.14}% 88
\BOOKMARK [2][-]{subsection.3.14.2}{\376\377\000D\000e\000t\000a\000i\000l\000e\000d\000\040\000R\000e\000s\000i\000d\000e\000n\000t\000\040\000A\000t\000t\000r\000i\000b\000u\000t\000e\000s}{section.3.14}% 89
\BOOKMARK [1][-]{section.3.15}{\376\377\000H\000a\000l\000l\000\040\000R\000e\000g\000i\000s\000t\000r\000a\000r\000\040\000M\000o\000d\000u\000l\000e\000:\000\040\000R\000e\000d\000u\000n\000d\000a\000n\000t\000\040\000D\000a\000t\000a}{chapter.3}% 90
\BOOKMARK [2][-]{subsection.3.15.1}{\376\377\000C\000l\000o\000u\000d\000\040\000S\000y\000n\000c\000h\000r\000o\000n\000i\000z\000a\000t\000i\000o\000n\000\040\000o\000f\000\040\000H\000a\000l\000l\000\040\000D\000a\000t\000a}{section.3.15}% 91
\BOOKMARK [1][-]{section.3.16}{\376\377\000H\000a\000l\000l\000\040\000R\000e\000g\000i\000s\000t\000r\000a\000r\000:\000\040\000R\000e\000s\000i\000d\000e\000n\000t\000i\000a\000l\000\040\000C\000l\000e\000a\000r\000a\000n\000c\000e}{chapter.3}% 92
\BOOKMARK [1][-]{section.3.17}{\376\377\000M\000e\000d\000i\000c\000a\000l\000\040\000O\000f\000f\000i\000c\000e\000r\000\040\000M\000o\000d\000u\000l\000e\000:\000\040\000A\000p\000p\000l\000i\000c\000a\000n\000t\000\040\000H\000e\000a\000l\000t\000h\000\040\000D\000a\000t\000a}{chapter.3}% 93
\BOOKMARK [2][-]{subsection.3.17.1}{\376\377\000M\000e\000d\000i\000c\000a\000l\000\040\000R\000e\000c\000o\000r\000d\000\040\000V\000e\000r\000i\000f\000i\000c\000a\000t\000i\000o\000n\000\040\000Q\000u\000e\000u\000e}{section.3.17}% 94
\BOOKMARK [2][-]{subsection.3.17.2}{\376\377\000M\000e\000d\000i\000c\000a\000l\000\040\000R\000e\000c\000o\000r\000d\000\040\000D\000e\000t\000a\000i\000l\000\040\000T\000a\000b\000l\000e\000\040\000M\000a\000t\000r\000i\000x}{section.3.17}% 95
\BOOKMARK [1][-]{section.3.18}{\376\377\000M\000o\000d\000u\000l\000e\000\040\000o\000f\000\040\000M\000e\000d\000i\000c\000a\000l\000\040\000O\000f\000f\000i\000c\000e\000r\000:\000\040\000S\000y\000n\000c\000h\000r\000o\000n\000i\000z\000a\000t\000i\000o\000n\000\040\000o\000f\000\040\000D\000a\000t\000a}{chapter.3}% 96
\BOOKMARK [2][-]{subsection.3.18.1}{\376\377\000C\000l\000o\000u\000d\000\040\000S\000t\000o\000r\000a\000g\000e\000\040\000f\000o\000r\000\040\000H\000e\000a\000l\000t\000h\000\040\000I\000n\000f\000o\000r\000m\000a\000t\000i\000o\000n}{section.3.18}% 97
\BOOKMARK [0][-]{chapter.4}{\376\377\000T\000e\000s\000t\000i\000n\000g\000\040\000a\000n\000d\000\040\000Q\000u\000a\000l\000i\000t\000y\000\040\000A\000s\000s\000u\000r\000a\000n\000c\000e}{}% 98
\BOOKMARK [1][-]{section.4.1}{\376\377\000C\000h\000a\000p\000t\000e\000r\000\040\000O\000v\000e\000r\000v\000i\000e\000w}{chapter.4}% 99
\BOOKMARK [2][-]{subsection.4.1.1}{\376\377\000U\000t\000i\000l\000i\000t\000y\000\040\000F\000u\000n\000c\000t\000i\000o\000n\000\040\000T\000e\000s\000t\000i\000n\000g}{section.4.1}% 100
\BOOKMARK [1][-]{section.4.2}{\376\377\000B\000a\000c\000k\000e\000n\000d\000\040\000A\000P\000I\000\040\000T\000e\000s\000t\000i\000n\000g\000\040\000w\000i\000t\000h\000\040\000P\000o\000s\000t\000m\000a\000n}{chapter.4}% 101
\BOOKMARK [1][-]{section.4.3}{\376\377\000M\000a\000n\000u\000a\000l\000\040\000F\000u\000n\000c\000t\000i\000o\000n\000a\000l\000\040\000T\000e\000s\000t\000i\000n\000g}{chapter.4}% 102
\BOOKMARK [2][-]{subsection.4.3.1}{\376\377\000C\000o\000m\000p\000o\000n\000e\000n\000t\000\040\000R\000e\000n\000d\000e\000r\000i\000n\000g\000\040\000T\000e\000s\000t\000s}{section.4.3}% 103
\BOOKMARK [2][-]{subsection.4.3.2}{\376\377\000F\000o\000r\000m\000\040\000V\000a\000l\000i\000d\000a\000t\000i\000o\000n\000\040\000T\000e\000s\000t\000i\000n\000g}{section.4.3}% 104
\BOOKMARK [2][-]{subsection.4.3.3}{\376\377\000R\000o\000l\000e\000-\000B\000a\000s\000e\000d\000\040\000A\000c\000c\000e\000s\000s\000\040\000C\000o\000n\000t\000r\000o\000l\000\040\000\050\000R\000B\000A\000C\000\051\000\040\000T\000e\000s\000t}{section.4.3}% 105
\BOOKMARK [1][-]{section.4.4}{\376\377\000L\000o\000a\000d\000\040\000T\000e\000s\000t\000i\000n\000g\000\040\000a\000n\000d\000\040\000P\000e\000r\000f\000o\000r\000m\000a\000n\000c\000e\000\040\000E\000v\000a\000l\000u\000a\000t\000i\000o\000n}{chapter.4}% 106
\BOOKMARK [2][-]{subsection.4.4.1}{\376\377\000O\000u\000t\000c\000o\000m\000e\000s}{section.4.4}% 107
\BOOKMARK [1][-]{section.4.5}{\376\377\000S\000u\000m\000m\000a\000r\000y\000\040\000o\000f\000\040\000T\000e\000s\000t\000\040\000R\000e\000s\000u\000l\000t\000s}{chapter.4}% 108
\BOOKMARK [0][-]{chapter.5}{\376\377\000D\000e\000p\000l\000o\000y\000m\000e\000n\000t}{}% 109
\BOOKMARK [1][-]{section.5.1}{\376\377\000C\000h\000a\000p\000t\000e\000r\000\040\000O\000v\000e\000r\000v\000i\000e\000w}{chapter.5}% 110
\BOOKMARK [1][-]{section.5.2}{\376\377\000D\000e\000p\000l\000o\000y\000m\000e\000n\000t\000\040\000P\000r\000o\000c\000e\000s\000s}{chapter.5}% 111
\BOOKMARK [1][-]{section.5.3}{\376\377\000D\000e\000p\000l\000o\000y\000m\000e\000n\000t\000\040\000S\000t\000a\000t\000u\000s\000\040\000a\000n\000d\000\040\000U\000R\000L}{chapter.5}% 112
\BOOKMARK [1][-]{section.5.4}{\376\377\000F\000u\000t\000u\000r\000e\000\040\000W\000o\000r\000k}{chapter.5}% 113
\BOOKMARK [0][-]{chapter.6}{\376\377\000C\000o\000n\000c\000l\000u\000s\000i\000o\000n}{}% 114
